#-----------------------------------------------------------
# Vivado v2023.2 (64-bit)
# SW Build 4029153 on Fri Oct 13 20:13:54 MDT 2023
# IP Build 4028589 on Sat Oct 14 00:45:43 MDT 2023
# SharedData Build 4025554 on Tue Oct 10 17:18:54 MDT 2023
# Start of session at: Sun Jan 26 16:29:03 2025
# Process ID: 725069
# Current directory: /mnt/9636D17436D15639/Tutorial/FPGA/VHDL/ece420/Codes/Adders/Intiger_Adder/Intiger_Adder.runs/synth_1
# Command line: vivado -log int_adder.vds -product Vivado -mode batch -messageDb vivado.pb -notrace -source int_adder.tcl
# Log file: /mnt/9636D17436D15639/Tutorial/FPGA/VHDL/ece420/Codes/Adders/Intiger_Adder/Intiger_Adder.runs/synth_1/int_adder.vds
# Journal file: /mnt/9636D17436D15639/Tutorial/FPGA/VHDL/ece420/Codes/Adders/Intiger_Adder/Intiger_Adder.runs/synth_1/vivado.jou
# Running On: r3z4, OS: Linux, CPU Frequency: 3900.031 MHz, CPU Physical cores: 6, Host memory: 12383 MB
#-----------------------------------------------------------
source int_adder.tcl -notrace
